// Jest Snapshot v1, https://goo.gl/fbAQLP

exports[`Pruebas en <GifGridItem /> Debe mostrar el componente correctamente 1`] = `
<div
  className="card animate__animated animate__bounce animate__delay-2s"
>
  <img
    alt="Un titulo"
    src="https://localhost/algo.com"
  />
  <p>
    Un titulo
  </p>
</div>
`;
